// Jest Snapshot v1, https://goo.gl/fbAQLP

exports[`renders correctly 1`] = `
<View
  style={
    Object {
      "backgroundColor": "#fff",
      "flex": 1,
      "justifyContent": "space-between",
    }
  }
>
  <View>
    <View
      style={
        Object {
          "margin": 20,
        }
      }
    >
      <Text
        accessible={true}
        allowFontScaling={true}
        disabled={false}
        ellipsizeMode="tail"
        style={
          Object {
            "color": "black",
            "fontFamily": "Montserrat-SemiBold",
            "fontSize": 28,
          }
        }
      >
        Your Birthday
      </Text>
    </View>
    <View
      accessibilityComponentType={undefined}
      accessibilityLabel={undefined}
      accessibilityTraits={undefined}
      accessible={true}
      hasTVPreferredFocus={undefined}
      hitSlop={undefined}
      isTVSelectable={true}
      nativeID={undefined}
      onLayout={undefined}
      onResponderGrant={[Function]}
      onResponderMove={[Function]}
      onResponderRelease={[Function]}
      onResponderTerminate={[Function]}
      onResponderTerminationRequest={[Function]}
      onStartShouldSetResponder={[Function]}
      style={
        Array [
          Object {
            "backgroundColor": "transparent",
          },
          Array [
            Object {
              "width": 142,
            },
            Object {
              "width": "100%",
            },
          ],
        ]
      }
      testID={undefined}
      tvParallaxProperties={undefined}
    >
      <View
        style={
          Array [
            Object {
              "alignItems": "center",
              "flexDirection": "row",
              "height": 40,
              "justifyContent": "center",
            },
            undefined,
          ]
        }
      >
        <View
          style={
            Array [
              Object {
                "alignItems": "center",
                "borderColor": "#aaa",
                "borderWidth": 1,
                "flex": 1,
                "height": 40,
                "justifyContent": "center",
              },
              Object {
                "alignItems": "flex-start",
                "borderWidth": 0,
                "height": 50,
                "marginLeft": 20,
                "marginTop": 20,
                "padding": 20,
              },
              false,
              false,
            ]
          }
        >
          <Text
            accessible={true}
            allowFontScaling={true}
            disabled={false}
            ellipsizeMode="tail"
            style={
              Array [
                Object {
                  "color": "#333",
                },
                Object {
                  "fontFamily": "Montserrat-Regular",
                  "fontSize": 24,
                },
              ]
            }
          >
            01/01/2000
          </Text>
        </View>
        <Modal
          animationType="none"
          hardwareAccelerated={false}
          onRequestClose={[Function]}
          supportedOrientations={
            Array [
              "portrait",
              "portrait-upside-down",
              "landscape",
              "landscape-left",
              "landscape-right",
            ]
          }
          transparent={true}
          visible={false}
        >
          <View
            style={
              Object {
                "flex": 1,
              }
            }
          >
            <View
              accessibilityComponentType={undefined}
              accessibilityLabel={undefined}
              accessibilityTraits={undefined}
              accessible={true}
              hasTVPreferredFocus={undefined}
              hitSlop={undefined}
              isTVSelectable={true}
              nativeID={undefined}
              onLayout={undefined}
              onResponderGrant={[Function]}
              onResponderMove={[Function]}
              onResponderRelease={[Function]}
              onResponderTerminate={[Function]}
              onResponderTerminationRequest={[Function]}
              onStartShouldSetResponder={[Function]}
              style={
                Array [
                  Object {
                    "backgroundColor": "transparent",
                  },
                  Object {
                    "alignItems": "flex-end",
                    "backgroundColor": "#00000077",
                    "flex": 1,
                    "flexDirection": "row",
                  },
                ]
              }
              testID={undefined}
              tvParallaxProperties={undefined}
            >
              <View
                accessibilityComponentType={undefined}
                accessibilityLabel={undefined}
                accessibilityTraits={undefined}
                accessible={true}
                hasTVPreferredFocus={undefined}
                hitSlop={undefined}
                isTVSelectable={true}
                nativeID={undefined}
                onLayout={undefined}
                onResponderGrant={[Function]}
                onResponderMove={[Function]}
                onResponderRelease={[Function]}
                onResponderTerminate={[Function]}
                onResponderTerminationRequest={[Function]}
                onStartShouldSetResponder={[Function]}
                style={
                  Array [
                    Object {
                      "backgroundColor": "transparent",
                    },
                    Object {
                      "flex": 1,
                    },
                  ]
                }
                testID={undefined}
                tvParallaxProperties={undefined}
              >
                <View
                  collapsable={undefined}
                  style={
                    Object {
                      "backgroundColor": "#fff",
                      "height": 0,
                      "overflow": "hidden",
                    }
                  }
                >
                  <View
                    pointerEvents="auto"
                  >
                    <View
                      style={
                        Array [
                          Object {
                            "borderTopColor": "#ccc",
                            "borderTopWidth": 1,
                            "marginTop": 42,
                          },
                          undefined,
                        ]
                      }
                    >
                      <RCTDatePicker
                        date={946706400000}
                        maximumDate={1510597052198}
                        minimumDate={-1646247600000}
                        minuteInterval={undefined}
                        mode="date"
                        onChange={[Function]}
                        onResponderTerminationRequest={[Function]}
                        onStartShouldSetResponder={[Function]}
                        style={
                          Object {
                            "height": 216,
                          }
                        }
                        timeZoneOffsetInMinutes={undefined}
                      />
                    </View>
                  </View>
                  <View
                    accessibilityComponentType={undefined}
                    accessibilityLabel={undefined}
                    accessibilityTraits={undefined}
                    accessible={true}
                    hasTVPreferredFocus={undefined}
                    hitSlop={undefined}
                    isTVSelectable={true}
                    nativeID={undefined}
                    onLayout={undefined}
                    onResponderGrant={[Function]}
                    onResponderMove={[Function]}
                    onResponderRelease={[Function]}
                    onResponderTerminate={[Function]}
                    onResponderTerminationRequest={[Function]}
                    onStartShouldSetResponder={[Function]}
                    style={
                      Array [
                        Object {
                          "backgroundColor": "transparent",
                        },
                        Array [
                          Object {
                            "alignItems": "center",
                            "flexDirection": "row",
                            "height": 42,
                            "justifyContent": "center",
                            "padding": 20,
                            "position": "absolute",
                            "top": 0,
                          },
                          Object {
                            "left": 0,
                          },
                          undefined,
                        ],
                      ]
                    }
                    testID={undefined}
                    tvParallaxProperties={undefined}
                  >
                    <Text
                      accessible={true}
                      allowFontScaling={true}
                      disabled={false}
                      ellipsizeMode="tail"
                      style={
                        Array [
                          Object {
                            "color": "#46cf98",
                            "fontSize": 16,
                          },
                          Object {
                            "color": "#666",
                          },
                          undefined,
                        ]
                      }
                    >
                      Cancel
                    </Text>
                  </View>
                  <View
                    accessibilityComponentType={undefined}
                    accessibilityLabel={undefined}
                    accessibilityTraits={undefined}
                    accessible={true}
                    hasTVPreferredFocus={undefined}
                    hitSlop={undefined}
                    isTVSelectable={true}
                    nativeID={undefined}
                    onLayout={undefined}
                    onResponderGrant={[Function]}
                    onResponderMove={[Function]}
                    onResponderRelease={[Function]}
                    onResponderTerminate={[Function]}
                    onResponderTerminationRequest={[Function]}
                    onStartShouldSetResponder={[Function]}
                    style={
                      Array [
                        Object {
                          "backgroundColor": "transparent",
                        },
                        Array [
                          Object {
                            "alignItems": "center",
                            "flexDirection": "row",
                            "height": 42,
                            "justifyContent": "center",
                            "padding": 20,
                            "position": "absolute",
                            "top": 0,
                          },
                          Object {
                            "right": 0,
                          },
                          undefined,
                        ],
                      ]
                    }
                    testID={undefined}
                    tvParallaxProperties={undefined}
                  >
                    <Text
                      accessible={true}
                      allowFontScaling={true}
                      disabled={false}
                      ellipsizeMode="tail"
                      style={
                        Array [
                          Object {
                            "color": "#46cf98",
                            "fontSize": 16,
                          },
                          undefined,
                        ]
                      }
                    >
                      Confirm
                    </Text>
                  </View>
                </View>
              </View>
            </View>
          </View>
        </Modal>
      </View>
    </View>
    <View
      style={
        Object {
          "backgroundColor": "black",
          "height": 1,
          "margin": 20,
        }
      }
    />
  </View>
  <View>
    <TouchableHighlight
      activeOpacity={0.85}
      disabled={false}
      onPress={[Function]}
      style={
        Object {
          "backgroundColor": "#55A838",
          "borderRadius": 10,
          "height": 45,
          "justifyContent": "center",
          "margin": 20,
        }
      }
      testID="birthday-submit-button"
      underlayColor="black"
    >
      <Text
        accessible={true}
        allowFontScaling={true}
        disabled={false}
        ellipsizeMode="tail"
        style={
          Object {
            "alignSelf": "center",
            "color": "white",
            "fontFamily": "Montserrat-Regular",
            "fontSize": 24,
          }
        }
      >
        Continue
      </Text>
    </TouchableHighlight>
  </View>
</View>
`;
